[2026-10-03T21:58:42.721Z][INFO] Command-line: 'C:\\Program Files\\Unity\\Hub\\Editor\\6000.6.3f1\\Editor\\Data\\Resources\\PackageManager\\Server\\UnityPackageManager.exe' server -s 761332 --ipc-path Unity-Upm-761332 -l 2 --log-file C:\\Users\\eonvw\\source\\repos\\Project-Twinsanity/Logs/upm.log
[2026-10-03T21:58:42.800Z][INFO] IPC server started (IPC path=Unity-Upm-761332).
[2026-10-03T21:58:42.800Z][INFO] Hint: To connect to this UPM instance, launch Unity with the command-line parameter -upmIpcPath Upm-761332.
[2026-10-03T21:58:46.442Z][INFO] project:list-packages <-- Request received
params: {}
[2026-10-03T21:58:46.607Z][INFO] config:project:get-registries <-- Request received
params: {}
[2026-10-03T21:58:46.629Z][INFO] config:project:get-registries --> 200 (21 ms)
[2026-10-03T21:58:46.655Z][INFO] project:list-packages --> 200 (213 ms)
[2026-10-03T21:58:47.186Z][INFO] project:list-packages <-- Request received
params: {}
[2026-10-03T21:58:47.326Z][INFO] project:list-packages --> 200 (140 ms)
[2026-10-03T21:58:49.916Z][INFO] project:list-packages <-- Request received
params: {}
[2026-10-03T21:58:49.993Z][INFO] project:list-packages <-- Request received
params: {}
[2026-10-03T21:58:50.031Z][INFO] project:list-packages --> 200 (115 ms)
[2026-10-03T21:58:50.081Z][INFO] config:project:get-registries <-- Request received
params: {}
[2026-10-03T21:58:50.094Z][INFO] config:project:get-registries --> 200 (13 ms)
[2026-10-03T21:58:50.096Z][INFO] project:list-packages --> 200 (103 ms)
[2026-10-03T21:58:53.363Z][INFO] project:list-packages <-- Request received
params: {}
[2026-10-03T21:58:53.462Z][INFO] project:list-packages --> 200 (99 ms)
[2026-10-03T21:58:55.820Z][INFO] project:list-packages <-- Request received
params: {}
[2026-10-03T21:58:56.901Z][INFO] project:list-packages --> 200 (1081 ms)
[2026-10-03T21:59:08.136Z][INFO] project:list-packages <-- Request received
params: {}
[2026-10-03T21:59:08.220Z][INFO] project:list-packages --> 200 (84 ms)
[2026-10-03T21:59:08.228Z][INFO] config:project:get-registries <-- Request received
params: {}
[2026-10-03T21:59:08.233Z][INFO] config:project:get-registries --> 200 (5 ms)
[2026-10-03T21:59:12.771Z][INFO] project:list-packages <-- Request received
params: {}
[2026-10-03T21:59:12.844Z][INFO] project:list-packages --> 200 (73 ms)
[2026-10-03T21:59:12.849Z][INFO] config:project:get-registries <-- Request received
params: {}
[2026-10-03T21:59:12.853Z][INFO] config:project:get-registries --> 200 (4 ms)
[2026-10-03T22:01:47.694Z][INFO] project:list-packages <-- Request received
params: {}
[2026-10-03T22:01:47.837Z][INFO] config:project:get-registries <-- Request received
params: {}
[2026-10-03T22:01:47.856Z][INFO] config:project:get-registries --> 200 (19 ms)
[2026-10-03T22:01:47.897Z][INFO] project:list-packages --> 200 (204 ms)
[2026-10-03T22:02:05.624Z][INFO] project:list-packages <-- Request received
params: {}
[2026-10-03T22:02:05.724Z][INFO] config:project:get-registries <-- Request received
params: {}
[2026-10-03T22:02:05.729Z][INFO] project:list-packages --> 200 (105 ms)
[2026-10-03T22:02:05.733Z][INFO] config:project:get-registries --> 200 (9 ms)
[2026-10-03T22:02:10.145Z][INFO] project:list-packages <-- Request received
params: {}
[2026-10-03T22:02:10.239Z][INFO] config:project:get-registries <-- Request received
params: {}
[2026-10-03T22:02:10.246Z][INFO] project:list-packages --> 200 (101 ms)
[2026-10-03T22:02:10.248Z][INFO] config:project:get-registries --> 200 (9 ms)
[2026-10-03T22:03:16.218Z][INFO] project:list-packages <-- Request received
params: {}
[2026-10-03T22:03:16.314Z][INFO] project:list-packages --> 200 (96 ms)
[2026-10-03T22:03:16.315Z][INFO] config:project:get-registries <-- Request received
params: {}
[2026-10-03T22:03:16.321Z][INFO] config:project:get-registries --> 200 (6 ms)
[2026-10-03T22:03:56.336Z][INFO] project:list-packages <-- Request received
params: {}
[2026-10-03T22:03:56.434Z][INFO] project:list-packages --> 200 (98 ms)
[2026-10-03T22:03:56.434Z][INFO] config:project:get-registries <-- Request received
params: {}
[2026-10-03T22:03:56.441Z][INFO] config:project:get-registries --> 200 (7 ms)
[2026-10-03T22:05:50.129Z][INFO] project:list-packages <-- Request received
params: {}
[2026-10-03T22:05:50.252Z][INFO] config:project:get-registries <-- Request received
params: {}
[2026-10-03T22:05:50.264Z][INFO] project:list-packages --> 200 (135 ms)
[2026-10-03T22:05:50.266Z][INFO] config:project:get-registries --> 200 (14 ms)
[2026-10-03T22:07:52.134Z][INFO] project:list-packages <-- Request received
params: {}
[2026-10-03T22:07:52.220Z][INFO] project:list-packages --> 200 (86 ms)
[2026-10-03T22:07:52.220Z][INFO] config:project:get-registries <-- Request received
params: {}
[2026-10-03T22:07:52.228Z][INFO] config:project:get-registries --> 200 (8 ms)
[2026-10-03T22:08:52.237Z][INFO] project:list-packages <-- Request received
params: {}
[2026-10-03T22:08:52.336Z][INFO] project:list-packages --> 200 (99 ms)
[2026-10-03T22:08:52.343Z][INFO] config:project:get-registries <-- Request received
params: {}
[2026-10-03T22:08:52.349Z][INFO] config:project:get-registries --> 200 (6 ms)
[2026-10-03T22:09:05.423Z][INFO] project:list-packages <-- Request received
params: {}
[2026-10-03T22:09:05.508Z][INFO] project:list-packages --> 200 (84 ms)
[2026-10-03T22:09:05.518Z][INFO] config:project:get-registries <-- Request received
params: {}
[2026-10-03T22:09:05.523Z][INFO] config:project:get-registries --> 200 (5 ms)
[2026-10-03T22:09:10.064Z][INFO] project:list-packages <-- Request received
params: {}
[2026-10-03T22:09:10.153Z][INFO] project:list-packages --> 200 (89 ms)
[2026-10-03T22:09:10.159Z][INFO] config:project:get-registries <-- Request received
params: {}
[2026-10-03T22:09:10.167Z][INFO] config:project:get-registries --> 200 (8 ms)
[2026-10-03T22:10:43.217Z][INFO] project:list-packages <-- Request received
params: {}
[2026-10-03T22:10:43.330Z][INFO] project:list-packages --> 200 (113 ms)
[2026-10-03T22:10:43.343Z][INFO] config:project:get-registries <-- Request received
params: {}
[2026-10-03T22:10:43.353Z][INFO] config:project:get-registries --> 200 (9 ms)
[2026-10-03T22:10:53.605Z][INFO] project:list-packages <-- Request received
params: {}
[2026-10-03T22:10:53.697Z][INFO] project:list-packages --> 200 (92 ms)
[2026-10-03T22:10:53.700Z][INFO] config:project:get-registries <-- Request received
params: {}
[2026-10-03T22:10:53.705Z][INFO] config:project:get-registries --> 200 (5 ms)
[2026-10-03T22:11:51.183Z][INFO] project:list-packages <-- Request received
params: {}
[2026-10-03T22:11:51.285Z][INFO] project:list-packages --> 200 (103 ms)
[2026-10-03T22:11:51.297Z][INFO] config:project:get-registries <-- Request received
params: {}
[2026-10-03T22:11:51.306Z][INFO] config:project:get-registries --> 200 (10 ms)
[2026-10-03T22:11:58.582Z][INFO] project:list-packages <-- Request received
params: {}
[2026-10-03T22:11:58.660Z][INFO] project:list-packages --> 200 (78 ms)
[2026-10-03T22:11:58.664Z][INFO] config:project:get-registries <-- Request received
params: {}
[2026-10-03T22:11:58.669Z][INFO] config:project:get-registries --> 200 (5 ms)
[2026-10-03T22:12:45.285Z][INFO] project:list-packages <-- Request received
params: {}
[2026-10-03T22:12:45.383Z][INFO] project:list-packages --> 200 (98 ms)
[2026-10-03T22:12:45.391Z][INFO] config:project:get-registries <-- Request received
params: {}
[2026-10-03T22:12:45.400Z][INFO] config:project:get-registries --> 200 (9 ms)
